==============================================
ОТЧЁТ О ЦИФРОВОЙ ПОДПИСИ
Дата: 2026-05-09 18:19:21
==============================================

[2026-05-09 18:19:21] Шаг 1: Проверка ключей...
[2026-05-09 18:19:21]   Ключи готовы
[2026-05-09 18:19:21] Шаг 2: Создание payload.txt...
[2026-05-09 18:19:21]   Готово
[2026-05-09 18:19:21] Шаг 3: Подписание (PKCS#1 v1.5, SHA-256)...
[2026-05-09 18:19:21]   Подпись: payload.sig (     256 байт)
[2026-05-09 18:19:21] Шаг 4: Верификация...
Verified OK
[2026-05-09 18:19:21]   OK
[2026-05-09 18:19:21] Шаг 5: Тест целостности...
C0E0E10402000000:error:02000068:rsa routines:ossl_rsa_verify:bad signature:crypto/rsa/rsa_sign.c:442:
C0E0E10402000000:error:1C880004:Provider routines:rsa_verify_directly:RSA lib:providers/implementations/signature/rsa_sig.c:1042:
Verification failure
[2026-05-09 18:19:21]   Failure (ожидаемо)
[2026-05-09 18:19:21] Шаг 6: RSA-PSS...
Verified OK
[2026-05-09 18:19:21]   OK

==============================================
ИТОГИ: Все задания выполнены успешно
==============================================
